2025-03-08 16:43:10,724 - INFO - ✅ Бот запущен...
2025-03-08 16:43:10,724 - INFO - Start polling
2025-03-08 16:43:10,834 - INFO - Run polling for bot @geeksnewbot id=7741398834 - 'Geeks3Bot'
2025-03-08 16:43:11,362 - INFO - Update id=660244306 is handled. Duration 407 ms by bot id=7741398834
2025-03-08 16:43:11,374 - INFO - Update id=660244308 is handled. Duration 421 ms by bot id=7741398834
2025-03-08 16:43:11,401 - INFO - Update id=660244307 is handled. Duration 453 ms by bot id=7741398834
2025-03-08 16:43:11,425 - INFO - Update id=660244309 is handled. Duration 469 ms by bot id=7741398834
2025-03-08 16:46:46,558 - INFO - Update id=660244310 is handled. Duration 155 ms by bot id=7741398834
2025-03-08 16:46:51,072 - INFO - Update id=660244311 is handled. Duration 171 ms by bot id=7741398834
2025-03-08 16:47:48,599 - INFO - Update id=660244312 is handled. Duration 125 ms by bot id=7741398834
2025-03-08 16:50:27,566 - INFO - Update id=660244313 is handled. Duration 188 ms by bot id=7741398834
2025-03-08 16:50:32,964 - INFO - Update id=660244314 is handled. Duration 140 ms by bot id=7741398834
2025-03-08 16:50:41,210 - INFO - Update id=660244315 is handled. Duration 109 ms by bot id=7741398834
2025-03-08 16:50:47,204 - INFO - Update id=660244316 is handled. Duration 125 ms by bot id=7741398834
2025-03-08 16:50:52,181 - INFO - Update id=660244317 is handled. Duration 202 ms by bot id=7741398834
2025-03-08 16:50:56,705 - INFO - Update id=660244318 is handled. Duration 467 ms by bot id=7741398834
2025-03-08 16:51:02,495 - INFO - Update id=660244319 is handled. Duration 155 ms by bot id=7741398834
2025-03-08 16:51:09,256 - INFO - Update id=660244320 is handled. Duration 155 ms by bot id=7741398834
2025-03-08 16:51:12,627 - INFO - Update id=660244321 is handled. Duration 171 ms by bot id=7741398834
2025-03-08 16:51:22,528 - INFO - Update id=660244322 is handled. Duration 140 ms by bot id=7741398834
2025-03-08 16:52:12,424 - INFO - Update id=660244323 is handled. Duration 140 ms by bot id=7741398834
2025-03-08 16:52:16,782 - INFO - Update id=660244324 is handled. Duration 140 ms by bot id=7741398834
2025-03-08 16:52:45,071 - INFO - Update id=660244325 is handled. Duration 203 ms by bot id=7741398834
2025-03-08 16:52:50,110 - INFO - Update id=660244326 is handled. Duration 188 ms by bot id=7741398834
2025-03-08 16:53:04,458 - INFO - Update id=660244327 is handled. Duration 217 ms by bot id=7741398834
2025-03-08 16:53:06,688 - INFO - Update id=660244328 is handled. Duration 250 ms by bot id=7741398834
2025-03-08 17:09:53,634 - INFO - Polling stopped
2025-03-08 17:09:53,902 - INFO - 🛑 Бот завершил работу.
2025-03-08 17:09:53,913 - INFO - Polling stopped for bot @geeksnewbot id=7741398834 - 'Geeks3Bot'
2025-03-08 17:09:53,915 - INFO - 🛑 Бот остановлен вручную (Ctrl + C).
2025-03-08 17:09:53,915 - INFO - 🛑 Завершение работы бота.
